
          -------------------------------------------------------
          Amber 18 SANDER                              2018
          -------------------------------------------------------

| Run on 12/12/2019 at 14:48:46

|   Executable path: /home/case/msander/bin/msander
| Working directory: /home/case/xtal/3onk
|          Hostname: Unknown
  [-O]verwriting output

File Assignments:
|  MDIN: mdin                                                                  
| MDOUT: ml.out                                                                
|INPCRD: 4amber_3onk.rst7                                                      
|  PARM: 3onk.parm7                                                            
|RESTRT: restrt                                                                
|  REFC: refc                                                                  
| MDVEL: mdvel                                                                 
| MDFRC: mdfrc                                                                 
|  MDEN: mden                                                                  
| MDCRD: mdcrd                                                                 
|MDINFO: mdinfo                                                                
|  MTMD: mtmd                                                                  
|INPDIP: inpdip                                                                
|RSTDIP: rstdip                                                                
|INPTRA: inptraj                                                               


 Here is the input file:

Test of MD with Xray restraints                                                
 &cntrl                                                                        
  imin=1, maxcyc=1,                                                            
  ntx = 1, irest = 0, ntpr = 1,                                                
  ntc = 2, ntf = 2, tol = 0.000001,                                            
  cut = 10.0,                                                                  
  nstlim = 5, dt = 0.001,                                                      
  ithermostat=1, therm_par=3., ig=827534,                                      
  temp0 = 293.0,                                                               
 /                                                                             
 &ewald                                                                        
  vdwmeth=1,                                                                   
 /                                                                             
 &xray                                                                         
   spacegroup_name='P1',                                                       
   pdb_infile = '4phenix_3onk.pdb'                                             
   reflection_infile = 'wbox-sf.dat',                                          
   atom_selection_mask = '!(:WAT)',                                            
   xray_weight = 1.0,                                                          
   fft_method = 0,                                                             
   target='ml',                                                                
 /                                                                             

--------------------------------------------------------------------------------
   1.  RESOURCE   USE: 
--------------------------------------------------------------------------------

| Flags:                                                                        
 getting new box info from bottom of inpcrd
| peek_ewald_inpcrd: Box info found
|Largest sphere to fit in unit cell has radius =    12.100
 NATOM  =    2368 NTYPES =      16 NBONH =    1230 MBONA  =    1154
 NTHETH =    2557 MTHETA =    1548 NPHIH =    5269 MPHIA  =    4856
 NHPARM =       0 NPARM  =       0 NNB   =   12576 NRES   =     170
 NBONA  =    1154 NTHETA =    1548 NPHIA =    4856 NUMBND =      69
 NUMANG =     158 NPTRA  =     189 NATYP =      34 NPHB   =       1
 IFBOX  =       1 NMXRS  =      24 IFCAP =       0 NEXTRA =       0
 NCOPY  =       0


|     Memory Use     Allocated
|     Real              680372
|     Hollerith           7276
|     Integer           560834
|     Max Pairs        1363968
|     nblistReal         28416
|     nblist Int        129804
|       Total            13591 kbytes

| Note: 1-4 EEL scale factors are being read from the topology file.

| Note: 1-4 VDW scale factors are being read from the topology file.
| Duplicated    0 dihedrals
| Duplicated    0 dihedrals
 XRAY_SYMMETRY_TYPE not found in PRMTOP file; assuming P1

     BOX TYPE: RECTILINEAR

--------------------------------------------------------------------------------
   2.  CONTROL  DATA  FOR  THE  RUN
--------------------------------------------------------------------------------

default_name                                                                    

General flags:
     imin    =       1, nmropt  =       0

Nature and format of input:
     ntx     =       1, irest   =       0, ntrx    =       1

Nature and format of output:
     ntxo    =       2, ntpr    =       1, ntrx    =       1, ntwr    =       5
     iwrap   =       0, ntwx    =       0, ntwv    =       0, ntwe    =       0
     ioutfm  =       1, ntwprt  =       0, idecomp =       0, rbornstat=      0

Potential function:
     ntf     =       2, ntb     =       1, igb     =       0, nsnb    =      25
     ipol    =       0, gbsa    =       0, iesp    =       0
     dielc   =   1.00000, cut     =  10.00000, intdiel =   1.00000

Frozen or restrained atoms:
     ibelly  =       0, ntr     =       0

Energy minimization:
     maxcyc  =       1, ncyc    =      10, ntmin   =       1
     dx0     =   0.01000, drms    =   0.00010

SHAKE:
     ntc     =       2, jfastw  =       0
     tol     =   0.00000

Ewald parameters:
     verbose =       0, ew_type =       0, nbflag  =       1, use_pme =       1
     vdwmeth =       1, eedmeth =       1, netfrc  =       0
     Box X =   26.600   Box Y =   37.589   Box Z =   38.109
     Alpha =   77.810   Beta  =   86.640   Gamma =   65.540
     NFFT1 =   30       NFFT2 =   40       NFFT3 =   40
     Cutoff=   10.000   Tol   = 0.100E-04
     Ewald Coefficient =  0.27511
     Interpolation order =    4

X-ray Refinement Parameters:
     PDB InFile: 4phenix_3onk.pdb
     PDB OutFile:
     PDB Read Coordinates: F
     PDB Use SegID: F
     PDB Wrap Names: F
     Spacegroup: P 1
     Reflection InFile: wbox-sf.dat
     Resolution Range:   50.000,   0.000
     X-ray weight:  0.100E+01
     Use target: ml  
     Solvent mask probe radius:    1.000
     Solvent mask expand:    0.800
     Solvent Mask OutFile:
     Solvent Mask Reflection OutFile:
     Solvent Mask Update Interval:    0
     Solvent scale:  -1.000, B-factor:  -1.000
     FFT method:  0
     FFT Grid Size:          0         0         0
     FFT Grid Spacing:   0.33000
     FFT B-factor Sharpen:   20.000
     FFT Densty Toleranec:  0.100E-03
     FFT Reflection Tolerance:  0.100E-03
     FFT Radius Min:   1.000, Max:    4.000
     B-Factor Min:   1.000, Max:  999.000
     B-factor Refinement Interval:    0
     Atom Selection Mask: !(:WAT)
     Setting ifbox to 3 for non-orthogonal unit cell

--------------------------------------------------------------------------------
   3.  ATOMIC COORDINATES AND VELOCITIES
--------------------------------------------------------------------------------

                                                                                
 begin time read from input coords =     0.000 ps

PDB: All atoms read successfully.
XRAY: UNIT CELL=    26.600   37.589   38.109  77.81  86.64  65.54
Found   2269 atoms in !(:WAT);                                                                                                                                                                                                                                                        
           1        6593         147
           2        6740         147
           3        6887         146
           4        7033         147
           5        7180         147
 Number of triangulated 3-point waters found:       33

     Sum of charges from parm topology file =   0.99999995
     Assuming uniform neutralizing plasma
| Running OPENMP code, with OMP_NUM_THREADS = 8

--------------------------------------------------------------------------------
   4.  RESULTS
--------------------------------------------------------------------------------

 ---------------------------------------------------
 APPROXIMATING switch and d/dx switch using CUBIC SPLINE INTERPOLATION
 using   5000.0 points per unit in tabled values
 TESTING RELATIVE ERROR over r ranging from 0.0 to cutoff
| CHECK switch(x): max rel err =   0.2211E-08   at   0.000080
| CHECK d/dx switch(x): max rel err =   0.3900E-04   at   0.000020
 ---------------------------------------------------
| Local SIZE OF NONBOND LIST =     664400
| TOTAL SIZE OF NONBOND LIST =     664400
 updating alpha and beta
 xray restraint:   -38864.381447686494     
At start: Fcalc_scale, norm_scale =         1.00000    0.00000E+00


   NSTEP       ENERGY          RMS            GMAX         NAME    NUMBER
      1      -4.1259E+04     1.2471E+02     5.6433E+03     OE1       820

 BOND    =       58.5892  ANGLE   =      240.7251  DIHED      =     1630.8837
 VDWAALS =      390.2340  EEL     =    -9223.3486  HBOND      =        0.0000
 1-4 VDW =      667.0597  1-4 EEL =     3841.1442  RESTRAINT  =   -38864.3814
 EAMBER  =    -2394.7128
 Exray   =   -38864.3814  Rwork   =        0.3601  Rfree      =        0.0000


  Maximum number of minimization cycles reached.
 xray restraint:   -38864.381447686494     


                    FINAL RESULTS



   NSTEP       ENERGY          RMS            GMAX         NAME    NUMBER
      1      -4.1259E+04     1.2471E+02     5.6433E+03     OE1       820

 BOND    =       58.5892  ANGLE   =      240.7251  DIHED      =     1630.8837
 VDWAALS =      390.2340  EEL     =    -9223.3486  HBOND      =        0.0000
 1-4 VDW =      667.0597  1-4 EEL =     3841.1442  RESTRAINT  =   -38864.3814
 EAMBER  =    -2394.7128
 Exray   =   -38864.3814  Rwork   =        0.3601  Rfree      =        0.0000

--------------------------------------------------------------------------------
   5.  TIMINGS
--------------------------------------------------------------------------------

|    Read coords time           0.02 ( 1.99% of Total)
|                Build the list             0.01 (71.43% of List )
|                Other                      0.01 (28.57% of List )
|             List time                  0.02 (16.03% of Nonbo)
|                   Short_ene time             0.09 (100.0% of Direc)
|                Direct Ewald time          0.09 (83.64% of Ewald)
|                   Fill Bspline coeffs        0.00 ( 5.88% of Recip)
|                   Scalar sum                 0.00 (29.41% of Recip)
|                   Grad sum                   0.00 (11.76% of Recip)
|                   FFT time                   0.01 (52.94% of Recip)
|                Recip Ewald time           0.02 (15.45% of Ewald)
|             Ewald time                 0.11 (83.97% of Nonbo)
|          Nonbond force              0.13 (13.42% of Force)
|             Fcalc loop                 0.32 (38.57% of Xray )
|             Deriv loop                 0.27 (31.79% of Xray )
|             Other                      0.25 (29.64% of Xray )
|          Xray restaints             0.84 (86.07% of Force)
|       Force time                 0.98 (100.0% of Runmd)
|    Runmd Time                 0.98 (92.51% of Total)
|    Other                      0.06 ( 5.50% of Total)
| Total time                 1.05 (100.0% of ALL  )

| Number of list builds   :          1

| Highest rstack allocated:     177038
| Highest istack allocated:       2368
|           Job began  at 14:48:46.120  on 12/12/2019
|           Setup done at 14:48:46.199  on 12/12/2019
|           Run   done at 14:48:47.175  on 12/12/2019
|     wallclock() was called     108 times
