
          -------------------------------------------------------
          Amber 18 SANDER                              2018
          -------------------------------------------------------

| Run on 03/23/2020 at 22:16:59

|   Executable path: /home/case/msander/bin/msander
| Working directory: /home/case/msander/test/xray/3onk
|          Hostname: Unknown
  [-O]verwriting output

File Assignments:
|  MDIN: mdin                                                                  
| MDOUT: ml_opt_debug.out                                                      
|INPCRD: 4amber_3onk.rst7                                                      
|  PARM: 3onk.parm7                                                            
|RESTRT: restrt                                                                
|  REFC: refc                                                                  
| MDVEL: mdvel                                                                 
| MDFRC: mdfrc                                                                 
|  MDEN: mden                                                                  
| MDCRD: mdcrd                                                                 
|MDINFO: mdinfo                                                                
|  MTMD: mtmd                                                                  
|INPDIP: inpdip                                                                
|RSTDIP: rstdip                                                                
|INPTRA: inptraj                                                               


 Here is the input file:

Test of MD with Xray restraints                                                
 &cntrl                                                                        
  imin=0, maxcyc=30,                                                           
  ntx = 1, irest = 0, ntpr = 2,                                                
  ntc = 2, ntf = 2, tol = 0.000001,                                            
  cut = 10.0,                                                                  
  nstlim = 0, dt = 0.001,                                                      
  ithermostat=1, therm_par=3., ig=827534,                                      
  temp0 = 293.0,                                                               
 /                                                                             
 &ewald                                                                        
  vdwmeth=0,                                                                   
 /                                                                             
 &xray                                                                         
   pdb_infile = 'final_structure_bf.pdb'                                       
   reflection_infile = 'real.dat',                                             
   atom_selection_mask = ':*',                                                 
   xray_weight = 1.0,                                                          
   target='ml', bulk_solvent_model='opt',                                      
   k_sol = 0.0, b_sol = 0.0,                                                   
   resolution_high = 2.090153,                                                 
 /                                                                             
 &debugf                                                                       
  do_debugf=1, neglgdel=4, nranatm=0, atomn=1,5,6,7,                           
  chkvir=0, dumpfrc=0, rmsfrc=0, zerochg=0,                                    
  zerovdw=0, do_dir=0, do_rec=0, do_adj=0, do_self=0,                          
  do_bond=0, do_angle=0, do_ephi=0, do_cap=0, doxconst=0,                      
  do_14=0, do_tgt=0, do_pbdir=0, do_pbnp=0, do_pbfd=0,                         
 /                                                                             

--------------------------------------------------------------------------------
   1.  RESOURCE   USE: 
--------------------------------------------------------------------------------

| Flags:                                                                        
 getting new box info from bottom of inpcrd
| peek_ewald_inpcrd: Box info found
|Largest sphere to fit in unit cell has radius =    12.100
 NATOM  =    2269 NTYPES =      14 NBONH =    1131 MBONA  =    1154
 NTHETH =    2557 MTHETA =    1548 NPHIH =    5269 MPHIA  =    4853
 NHPARM =       0 NPARM  =       0 NNB   =   12444 NRES   =     137
 NBONA  =    1154 NTHETA =    1548 NPHIA =    4853 NUMBND =      63
 NUMANG =     149 NPTRA  =     179 NATYP =      31 NPHB   =       0
 IFBOX  =       1 NMXRS  =      24 IFCAP =       0 NEXTRA =       0
 NCOPY  =       0


|     Memory Use     Allocated
|     Real              446944
|     Hollerith           6946
|     Integer           558407
|     Max Pairs        1306944
|     nblistReal         27228
|     nblist Int        127670
|       Total            11516 kbytes

| Note: 1-4 EEL scale factors are being read from the topology file.

| Note: 1-4 VDW scale factors are being read from the topology file.
| Duplicated    0 dihedrals
| Duplicated    0 dihedrals
 XRAY_SYMMETRY_TYPE not found in PRMTOP file; assuming P1

     BOX TYPE: RECTILINEAR

--------------------------------------------------------------------------------
   2.  CONTROL  DATA  FOR  THE  RUN
--------------------------------------------------------------------------------

default_name                                                                    

General flags:
     imin    =       0, nmropt  =       0

Nature and format of input:
     ntx     =       1, irest   =       0, ntrx    =       1

Nature and format of output:
     ntxo    =       2, ntpr    =       2, ntrx    =       1, ntwr    =       1
     iwrap   =       0, ntwx    =       0, ntwv    =       0, ntwe    =       0
     ioutfm  =       1, ntwprt  =       0, rbornstat=      0

Potential function:
     ntf     =       2, ntb     =       1, igb     =       0, nsnb    =      25
     ipol    =       0, gbsa    =       0, iesp    =       0
     dielc   =   1.00000, cut     =  10.00000, intdiel =   1.00000

Frozen or restrained atoms:
     ibelly  =       0, ntr     =       0

Molecular dynamics:
     nstlim  =         0, nscm    =      1000, nrespa  =         1
     t       =   0.00000, dt      =   0.00100, vlimit  =  20.00000

Langevin dynamics temperature regulation:
     ig      =  827534
     temp0   = 293.00000, tempi   =   0.00000, therm_par=   3.00000

SHAKE:
     ntc     =       2, jfastw  =       0
     tol     =   0.00000

Ewald parameters:
     verbose =       0, ew_type =       0, nbflag  =       1, use_pme =       1
     vdwmeth =       0, eedmeth =       1, netfrc  =       1
     Box X =   26.600   Box Y =   37.589   Box Z =   38.109
     Alpha =   77.810   Beta  =   86.640   Gamma =   65.540
     NFFT1 =   30       NFFT2 =   40       NFFT3 =   40
     Cutoff=   10.000   Tol   = 0.100E-04
     Ewald Coefficient =  0.27511
     Interpolation order =    4

X-ray Refinement Parameters:
     PDB InFile: final_structure_bf.pdb
     PDB Read Coordinates: F
     PDB Use SegID: F
     PDB Wrap Names: F
     Spacegroup: P 1
     Reflection InFile: real.dat
     Resolution Range:   50.000,   2.090
     X-ray weight:  0.100E+01
     Use target: ml  
     Scale update Interval:   100
     Solvent Mask Update Interval:   100
     Solvent scale:   0.000, B-factor:   0.000
     FFT method:  0
     Atom Selection Mask: :*
     Setting ifbox to 3 for non-orthogonal unit cell

--------------------------------------------------------------------------------
   3.  ATOMIC COORDINATES AND VELOCITIES
--------------------------------------------------------------------------------

                                                                                
 begin time read from input coords =     0.000 ps

PDB: All atoms read successfully.
XRAY: UNIT CELL=    26.600   37.589   38.109  77.81  86.64  65.54
Found   2269 atoms in :*;
| number of reflections:     6591     734    7325
| creating k_mask with k_sol,b_sol =    0.000   0.000
 Number of triangulated 3-point waters found:        0

     Sum of charges from parm topology file =     1.000000
     Assuming uniform neutralizing plasma
| Running OPENMP code, with OMP_NUM_THREADS = 8
 DEBUG FORCE!; calling force routine
 ---------------------------------------------------
 APPROXIMATING switch and d/dx switch using CUBIC SPLINE INTERPOLATION
 using   5000.0 points per unit in tabled values
 TESTING RELATIVE ERROR over r ranging from 0.0 to cutoff
| CHECK switch(x): max rel err =   0.2211E-08   at   0.000080
| CHECK d/dx switch(x): max rel err =   0.3900E-04   at   0.000020
 ---------------------------------------------------
| Local SIZE OF NONBOND LIST =     613262
| TOTAL SIZE OF NONBOND LIST =     613262
| updating bulk solvent:   0.589290E+02  0.141176E+03  0.000000E+00 -0.251176E+01  0.358182E+02
| Optimizing scaling and solvent parameters:
|    Mean k_iso    :     0.93169
|    Mean k_iso_exp:     1.09991
|    Mean k_aniso  :     1.00000
|    Mean k_mask   :     0.09139
| updating alpha and beta
 DEBUG FORCE!; back from force routine

 NSTEP =        0   TIME(PS) =       0.000  TEMP(K) =     0.00  PRESS =     0.0
 Etot   =     28263.7283  EKtot   =         0.0000  EPtot      =     28263.7283
 BOND   =         0.0000  ANGLE   =         0.0000  DIHED      =         0.0000
 1-4 NB =         0.0000  1-4 EEL =         0.0000  VDWAALS    =         0.0000
 EELEC  =         0.0000  EHBOND  =         0.0000  RESTRAINT  =     28263.7283
 EAMBER (non-restraint)  =         0.0000
 EKCMT  =         0.0000  VIRIAL  =         0.0000  VOLUME     =     33884.3162
                                                    Density    =         0.7920
 Exray  =     28263.7283  Rwork   =         0.2434  Rfree      =         0.2606
 ------------------------------------------------------------------------------

 Checking numerical force for user chosen atoms
 ----------------------------------------------
         NUMERICAL, ANALYTICAL FORCES (diff) from atom         1
      1    0.76130134     0.76130521    -0.00000387
      2    2.95616641     2.95616270     0.00000371
      3   -1.68415643    -1.68416544     0.00000900
 RMS force error =  0.301E-05
         NUMERICAL, ANALYTICAL FORCES (diff) from atom         5
      1   -3.57562589    -3.57563069     0.00000481
      2   -3.89877618    -3.89877740     0.00000122
      3   -2.79084361    -2.79084388     0.00000027
 RMS force error =  0.830E-06
         NUMERICAL, ANALYTICAL FORCES (diff) from atom         6
      1    0.63805794     0.63805779     0.00000015
      2   -0.14139106    -0.14139130     0.00000023
      3   -0.37506597    -0.37506571    -0.00000027
 RMS force error =  0.509E-06
         NUMERICAL, ANALYTICAL FORCES (diff) from atom         7
      1   -2.96742061    -2.96741883    -0.00000178
      2    3.53328400     3.53328028     0.00000372
      3   -2.17063398    -2.17063780     0.00000382
 RMS force error =  0.110E-05
 --------------------------------------------
