
          -------------------------------------------------------
          Amber 14 SANDER                              2014
          -------------------------------------------------------

| Run on 11/06/2015 at 11:08:30

|   Executable path: ../../sander
| Working directory: /Users/case/amber14/test/rism3d/dev/ala
|          Hostname: Unknown
  [-O]verwriting output

File Assignments:
|  MDIN: mdin                                                                  
| MDOUT: ala.min.debug.out                                                     
|INPCRD: ../../ala/ala.min.nc                                                  
|  PARM: ../../ala/ala.parm7                                                   
|RESTRT: restrt                                                                
|  REFC: refc                                                                  
| MDVEL: mdvel                                                                 
| MDFRC: mdfrc                                                                 
|  MDEN: mden                                                                  
| MDCRD: mdcrd                                                                 
|MDINFO: mdinfo                                                                
|  MTMD: mtmd                                                                  
|INPDIP: inpdip                                                                
|RSTDIP: rstdip                                                                
|INPTRA: inptraj                                                               

|   Xvv: ../../../../AmberTools/test/rism1d/spc-kh/spc.xvv.save

 Here is the input file:

Alanine dipeptide run                                                          
 &cntrl                                                                        
    ntx=1, ntpr=1, ntwx=0, ntwr=0                                              
    ioutfm=1                                                                   
    imin=0                                                                     
    nstlim=0                                                                   
    ig=314159                                                                  
    ntb=0                                                                      
    irism=1                                                                    
    cut=999                                                                    
 /                                                                             
 &rism                                                                         
    closure='kh'                                                               
    ! buffer=-1, ng3=64,64,64, solvbox=32d0,32d0,32d0                          
    ! buffer=-1, ng3=128,128,128, solvbox=64d0,64d0,64d0                       
    buffer=-1, ng3=256,256,256, solvbox=32d0,32d0,32d0                         
    ! buffer=-1, ng3=256,256,256, solvbox=64d0,64d0,64d0                       
    solvcut=999d0                                                              
    verbose=1                                                                  
    progress=0                                                                 
    npropagate=5                                                               
    mdiis_del=0.7, mdiis_nvec=5, tolerance=1e-10                               
    apply_rism_force=1                                                         
    zerofrc=1                                                                  
 /                                                                             
 &debugf                                                                       
  ! Enable debugging.                                                          
  do_debugf=1                                                                  
  ! Atom spatial offset. Negative log of delta used in numerical               
  ! differentiating; e.g. 4 means delta is 10^-4 Angstroms. Default is         
  ! 5.                                                                         
  neglgdel=3                                                                   
  ! atom numbers to test                                                       
  !  atomn=1,6,11,16,21                                                        
  ! Alternatively pick a number of random atoms to test. This will             
  !  always pick the same atoms unless you change the seed                     
  nranatm=5                                                                    
  ! Check atomic and molecular virials.                                        
  chkvir=0                                                                     
  ! Dump energies, forces, and virials to forcedump.dat.                       
  dumpfrc=0                                                                    
  ! Compare energies, forces and virials to forcedump.dat.                     
  rmsfrc=0                                                                     
  ! Zero out charge or van der Waals parameters.                               
  zerochg=1                                                                    
  zerovdw=1                                                                    
  ! Real-space (direct) non-bonded interactions (van der Waals, electrostatic).
  do_dir=0                                                                     
  ! k-space (reciprocal) portion of Ewald sum.                                 
  do_rec=0                                                                     
  ! Adjust Ewald sum to remove the Gaussian charge contribution from           
  ! neighboring bonded atoms and other atoms that should not have              
  ! non-bonded pair forces.                                                    
  do_adj=0                                                                     
  ! Remove from Ewald sum the interaction of point charge with its own         
  ! Gaussian.                                                                  
  do_self=0                                                                    
  ! Bond forces.                                                               
  do_bond=0                                                                    
  ! ?? Seems to no longer be present, but mentioned in manual.                 
  ! do_cbond=0                                                                 
  ! Angle forces.                                                              
  do_angle=0                                                                   
  ! Dihedral forces.                                                           
  do_ephi=0                                                                    
  ! ?? Seems to no longer be present, but mentioned in manual.                 
  ! do_xconst=0                                                                
  ! cap force (whatever that is).                                              
  do_cap=0                                                                     
  ! Apply harmonic position constraints.                                       
  doxconst=0                                                                   
  ! 1-4 interactions (???).                                                    
  do_14=0                                                                      
  ! Targeted MD simulation with restraints based on RMSD.                      
  do_tgt=0                                                                     
  ! PBSA related routines.                                                     
  do_pbdir=0                                                                   
  do_pbnp=0                                                                    
  do_pbfd=0                                                                    
 /                                                                             
|non-periodic 3D-RISM Forcing igb=6

--------------------------------------------------------------------------------
   1.  RESOURCE   USE: 
--------------------------------------------------------------------------------

| Flags:                                                                        
| New format PARM file being parsed.
| Version =    1.000 Date = 12/10/08 Time = 14:10:41
 NATOM  =      22 NTYPES =       7 NBONH =      12 MBONA  =       9
 NTHETH =      25 MTHETA =      11 NPHIH =      42 MPHIA  =      22
 NHPARM =       0 NPARM  =       0 NNB   =      99 NRES   =       3
 NBONA  =       9 NTHETA =      11 NPHIA =      22 NUMBND =       8
 NUMANG =      16 NPTRA  =      21 NATYP =       7 NPHB   =       0
 IFBOX  =       0 NMXRS  =      10 IFCAP =       0 NEXTRA =       0
 NCOPY  =       0

 Implicit solvent radii are modified Bondi radii (mbondi)                                                   

|     Memory Use     Allocated
|     Real                4609
|     Hollerith             71
|     Integer            21047
|     Max Pairs              1
|     nblistReal             0
|     nblist Int             0
|       Total              118 kbytes

| Note: 1-4 EEL scale factors were NOT found in the topology file.
|       Using default value of 1.2.

| Note: 1-4 VDW scale factors were NOT found in the topology file.
|       Using default value of 2.0.
| Duplicated    0 dihedrals
| Duplicated    0 dihedrals

--------------------------------------------------------------------------------
   2.  CONTROL  DATA  FOR  THE  RUN
--------------------------------------------------------------------------------

ACE                                                                             

General flags:
     imin    =       0, nmropt  =       0

Nature and format of input:
     ntx     =       1, irest   =       0, ntrx    =       1

Nature and format of output:
     ntxo    =       2, ntpr    =       1, ntrx    =       1, ntwr    =       0
     iwrap   =       0, ntwx    =       0, ntwv    =       0, ntwe    =       0
     ioutfm  =       1, ntwprt  =       0, idecomp =       0, rbornstat=      0

Potential function:
     ntf     =       1, ntb     =       0, igb     =       6, nsnb    =      25
     ipol    =       0, gbsa    =       0, iesp    =       0
     dielc   =   1.00000, cut     = 999.00000, intdiel =   1.00000

Frozen or restrained atoms:
     ibelly  =       0, ntr     =       0

Molecular dynamics:
     nstlim  =         0, nscm    =      1000, nrespa  =         1
     t       =   0.00000, dt      =   0.00100, vlimit  =  20.00000
3D-RISM:
     closure   =  KH      
     uccoeff   =  0.00000E+00  0.00000E+00  0.00000E+00  0.00000E+00
     solvcut   = 999.00000, buffer  =  -1.00000
     grd_spc   =   0.50000    0.50000    0.50000
     ng3       =       256        256        256
     solvbox   =  32.00000   32.00000   32.00000
     tolerance =  1.00E-10
     mdiis_del =   0.70000, mdiis_nv=         5
     mdiis_meth=         2, mdiis_re=  1.00E+01
     maxstep   =     10000, npropaga=         5
     centering =         1, zerofrc =         1
     apply_rism=         1, asympcorr=         T
     rismnrespa=         1, fcestrid=         0, fcecut  =9999.00000
     fcenbasis =        20, fcenbase=        20, fcecrd  =         0
     polarDecomp         =         0, entropicDecomp   =         0
     gfCorrection        =         1, pcplusCorrection  =         1
     periodic =          
     write_ther=         1, volfmt   =  dx      
     saveprogre=         0, ntwrism =        -1, verbose =         1
     progress  =         0
     biasPotent=   0.00000
|  INFO: Old style inpcrd file read


--------------------------------------------------------------------------------
   3.  ATOMIC COORDINATES AND VELOCITIES
--------------------------------------------------------------------------------

ACE                                                                             
 begin time read from input coords =     0.000 ps

 Number of triangulated 3-point waters found:        0
 DEBUG FORCE!; calling force routine
||Setting solvation box to
|grid size:        256 X        256 X        256
|box size [A]:      32.000 X     32.000 X     32.000
|grid spacing [A]:      0.125 X      0.125 X      0.125
|effective buffer [A]:    13.391,      12.139,      14.473
|Switching to KH closure
|RXRISM converged in   221 steps
 DEBUG FORCE!; back from force routine

 NSTEP =        0   TIME(PS) =       0.000  TEMP(K) =     0.00  PRESS =     0.0
 Etot   =        16.1496  EKtot   =         0.0000  EPtot      =        16.1496
 BOND   =         0.0000  ANGLE   =         0.0000  DIHED      =         0.0000
 1-4 NB =         0.0000  1-4 EEL =         0.0000  VDWAALS    =         0.0000
 EELEC  =         0.0000  ERISM   =        16.1496  RESTRAINT  =         0.0000
 ------------------------------------------------------------------------------

 --------------------------------------------
 Checking numerical force for random atoms
 --------------------------------------------
|RXRISM converged in   112 steps
|RXRISM converged in   118 steps
|RXRISM converged in   132 steps
|RXRISM converged in   136 steps
|RXRISM converged in   125 steps
|RXRISM converged in   122 steps
         NUMERICAL, ANALYTICAL FORCES (diff) from atom        19
      1   -1.68327130    -1.68338366     0.00011235
      2   -1.35895719    -1.35936875     0.00041156
      3    0.10371339     0.10371534    -0.00000195
 RMS force error =  0.197E-03
|RXRISM converged in   120 steps
|RXRISM converged in   112 steps
|RXRISM converged in   129 steps
|RXRISM converged in   119 steps
|RXRISM converged in   115 steps
|RXRISM converged in   108 steps
         NUMERICAL, ANALYTICAL FORCES (diff) from atom        13
      1   -1.56168826    -1.56151027    -0.00017799
      2   -0.06811242    -0.06801803    -0.00009439
      3    0.27896517     0.27897038    -0.00000521
 RMS force error =  0.127E-03
|RXRISM converged in   122 steps
|RXRISM converged in   118 steps
|RXRISM converged in   132 steps
|RXRISM converged in   136 steps
|RXRISM converged in   125 steps
|RXRISM converged in   122 steps
         NUMERICAL, ANALYTICAL FORCES (diff) from atom        19
      1   -1.68327116    -1.68338366     0.00011250
      2   -1.35895719    -1.35936875     0.00041156
      3    0.10371339     0.10371534    -0.00000195
 RMS force error =  0.197E-03
|RXRISM converged in   108 steps
|RXRISM converged in   115 steps
|RXRISM converged in   122 steps
|RXRISM converged in   130 steps
|RXRISM converged in   133 steps
|RXRISM converged in   109 steps
         NUMERICAL, ANALYTICAL FORCES (diff) from atom        20
      1    2.42358401     2.42367000    -0.00008599
      2   -0.31639692    -0.31674403     0.00034712
      3    0.00624867     0.00624943    -0.00000077
 RMS force error =  0.146E-03
|RXRISM converged in   119 steps
|RXRISM converged in   137 steps
|RXRISM converged in   136 steps
|RXRISM converged in   146 steps
|RXRISM converged in   160 steps
|RXRISM converged in   136 steps
         NUMERICAL, ANALYTICAL FORCES (diff) from atom         7
      1    4.54754362     4.54716447     0.00037916
      2   -2.85064866    -2.85070150     0.00005284
      3   -0.52834591    -0.52834616     0.00000025
 RMS force error =  0.710E-04
 --------------------------------------------
