
          -------------------------------------------------------
          Amber 14 SANDER                              2014
          -------------------------------------------------------

| Run on 11/05/2015 at 12:29:28

|   Executable path: ../../sander
| Working directory: /Users/case/amber14/test/rism3d/dev/ala
|          Hostname: Unknown
  [-O]verwriting output

File Assignments:
|  MDIN: mdin                                                                  
| MDOUT: ala.pme.debug.out                                                     
|INPCRD: ala.min.ortho.nc                                                      
|  PARM: ../../ala/ala.parm7                                                   
|RESTRT: restrt                                                                
|  REFC: refc                                                                  
| MDVEL: mdvel                                                                 
| MDFRC: mdfrc                                                                 
|  MDEN: mden                                                                  
| MDCRD: mdcrd                                                                 
|MDINFO: mdinfo                                                                
|  MTMD: mtmd                                                                  
|INPDIP: inpdip                                                                
|RSTDIP: rstdip                                                                
|INPTRA: inptraj                                                               

|   Xvv: ../../../../AmberTools/test/rism1d/spc-kh/spc.xvv.save

 Here is the input file:

Alanine dipeptide run                                                          
 &cntrl                                                                        
    ntx=1, ntpr=2, ntwx=0, ntwr=0                                              
    ioutfm=1                                                                   
    imin=1, drms=1E-4                                                          
    maxcyc=1, ntmin=3                                                          
    ig=314159                                                                  
    ntb=1                                                                      
    irism=1                                                                    
    cut=8.0                                                                    
 /                                                                             
 &rism                                                                         
    periodic='pme'                                                             
    closure='kh'                                                               
    buffer=15, grdspc=0.1,0.1,0.1                                              
    solvcut=12.d0                                                              
    verbose=1                                                                  
    npropagate=5                                                               
    mdiis_del=0.7, mdiis_nvec=5, tolerance=1e-10                               
    apply_rism_force=1                                                         
 /                                                                             
 &debugf                                                                       
  ! Enable debugging.                                                          
  do_debugf=1                                                                  
  ! Atom spatial offset. Negative log of delta used in numerical               
  ! differentiating; e.g. 4 means delta is 10^-4 Angstroms.                    
  neglgdel=3                                                                   
  ! Number of random atoms to test.                                            
  nranatm=5                                                                    
  ! Check atomic and molecular virials.                                        
  chkvir=0                                                                     
  ! Dump energies, forces, and virials to forcedump.dat.                       
  dumpfrc=0                                                                    
  ! Compare energies, forces and virials to forcedump.dat.                     
  rmsfrc=0                                                                     
  ! Zero out charge or van der Waals parameters.                               
  zerochg=0                                                                    
  zerovdw=0                                                                    
  ! Real-space (direct) non-bonded interactions (van der Waals, electrostatic).
  do_dir=0                                                                     
  ! k-space (reciprocal) portion of Ewald sum.                                 
  do_rec=0                                                                     
  ! Adjust Ewald sum to remove the Gaussian charge contribution from           
  ! neighboring bonded atoms and other atoms that should not have              
  ! non-bonded pair forces.                                                    
  do_adj=0                                                                     
  ! Remove from Ewald sum the interaction of point charge with its own         
  ! Gaussian.                                                                  
  do_self=0                                                                    
  ! Bond forces.                                                               
  do_bond=0                                                                    
  ! Angle forces.                                                              
  do_angle=0                                                                   
  ! Dihedral forces.                                                           
  do_ephi=0                                                                    
  ! cap force (whatever that is).                                              
  do_cap=0                                                                     
  ! Apply harmonic position constraints.                                       
  doxconst=0                                                                   
  ! 1-4 interactions (???).                                                    
  do_14=0                                                                      
  ! Targeted MD simulation with restraints based on RMSD.                      
  do_tgt=0                                                                     
  ! PBSA related routines.                                                     
  do_pbdir=0                                                                   
  do_pbnp=0                                                                    
  do_pbfd=0                                                                    
 /                                                                             
|periodic 3D-RISM Forcing igb=0

--------------------------------------------------------------------------------
   1.  RESOURCE   USE: 
--------------------------------------------------------------------------------

| Flags:                                                                        
 getting new box info from bottom of inpcrd
|  INFO: Old style inpcrd file read

| peek_ewald_inpcrd: Box info found
|Largest sphere to fit in unit cell has radius =    16.000
| New format PARM file being parsed.
| Version =    1.000 Date = 12/10/08 Time = 14:10:41
 NATOM  =      22 NTYPES =       7 NBONH =      12 MBONA  =       9
 NTHETH =      25 MTHETA =      11 NPHIH =      42 MPHIA  =      22
 NHPARM =       0 NPARM  =       0 NNB   =      99 NRES   =       3
 NBONA  =       9 NTHETA =      11 NPHIA =      22 NUMBND =       8
 NUMANG =      16 NPTRA  =      21 NATYP =       7 NPHB   =       0
 IFBOX  =       0 NMXRS  =      10 IFCAP =       0 NEXTRA =       0
 NCOPY  =       0


|     Memory Use     Allocated
|     Real               89116
|     Hollerith             71
|     Integer            23725
|     Max Pairs            231
|     nblistReal           264
|     nblist Int         70151
|       Total             1066 kbytes

| Note: 1-4 EEL scale factors were NOT found in the topology file.
|       Using default value of 1.2.

| Note: 1-4 VDW scale factors were NOT found in the topology file.
|       Using default value of 2.0.
| Duplicated    0 dihedrals
| Duplicated    0 dihedrals

--------------------------------------------------------------------------------
   2.  CONTROL  DATA  FOR  THE  RUN
--------------------------------------------------------------------------------

ACE                                                                             

General flags:
     imin    =       1, nmropt  =       0

Nature and format of input:
     ntx     =       1, irest   =       0, ntrx    =       1

Nature and format of output:
     ntxo    =       2, ntpr    =       2, ntrx    =       1, ntwr    =       0
     iwrap   =       0, ntwx    =       0, ntwv    =       0, ntwe    =       0
     ioutfm  =       1, ntwprt  =       0, idecomp =       0, rbornstat=      0

Potential function:
     ntf     =       1, ntb     =       1, igb     =       0, nsnb    =      25
     ipol    =       0, gbsa    =       0, iesp    =       0
     dielc   =   1.00000, cut     =   8.00000, intdiel =   1.00000

Frozen or restrained atoms:
     ibelly  =       0, ntr     =       0

Energy minimization:
     maxcyc  =       1, ncyc    =      10, ntmin   =       3
     dx0     =   0.01000, drms    =   0.00010

LMOD:
     xmin_method                  = LBFGS
     lbfgs_memory_depth           =       3
     matrix_vector_product_method = forward finite difference
     xmin_verbosity               =       0

Ewald parameters:
     verbose =       0, ew_type =       0, nbflag  =       1, use_pme =       1
     vdwmeth =       1, eedmeth =       1, netfrc  =       0
     Box X =   32.000   Box Y =   32.000   Box Z =   32.000
     Alpha =   90.000   Beta  =   90.000   Gamma =   90.000
     NFFT1 =   32       NFFT2 =   32       NFFT3 =   32
     Cutoff=    8.000   Tol   =0.100E-04
     Ewald Coefficient =  0.34864
     Interpolation order =    4
3D-RISM:
     closure   =  KH      
     uccoeff   =  0.00000E+00  0.00000E+00  0.00000E+00  0.00000E+00
     solvcut   =  12.00000, buffer  =  15.00000
     grd_spc   =   0.10000    0.10000    0.10000
     ng3       =        -1         -1         -1
     solvbox   =  -1.00000   -1.00000   -1.00000
     tolerance =  1.00E-10
     mdiis_del =   0.70000, mdiis_nv=         5
     mdiis_meth=         2, mdiis_re=  1.00E+01
     maxstep   =     10000, npropaga=         5
     centering =         1, zerofrc =         1
     apply_rism=         1, asympcorr=         F
     rismnrespa=         1, fcestrid=         0, fcecut  =9999.00000
     fcenbasis =        20, fcenbase=        20, fcecrd  =         0
     polarDecomp         =         0, entropicDecomp   =         0
     gfCorrection        =         1, pcplusCorrection  =         1
     periodic =  pme     
     write_ther=         1, volfmt   =  dx      
     saveprogre=         0, ntwrism =        -1, verbose =         1
     progress  =         1
     biasPotent=   0.00000

--------------------------------------------------------------------------------
   3.  ATOMIC COORDINATES AND VELOCITIES
--------------------------------------------------------------------------------

ACE                                                                             
 begin time read from input coords =     0.000 ps

 Number of triangulated 3-point waters found:        0

     Sum of charges from parm topology file =  -0.00000000
     Forcing neutrality...
 DEBUG FORCE!; calling force routine
 ---------------------------------------------------
 APPROXIMATING switch and d/dx switch using CUBIC SPLINE INTERPOLATION
 using   5000.0 points per unit in tabled values
 TESTING RELATIVE ERROR over r ranging from 0.0 to cutoff
| CHECK switch(x): max rel err =   0.2738E-14   at   2.422500
| CHECK d/dx switch(x): max rel err =   0.8332E-11   at   2.782960
 ---------------------------------------------------
| Local SIZE OF NONBOND LIST =        133
| TOTAL SIZE OF NONBOND LIST =        133
||Setting solvation box to
|grid size:        320 X        320 X        320
|box size [A]:      32.000 X     32.000 X     32.000
|grid spacing [A]:      0.100 X      0.100 X      0.100
|internal angles [°]:      90.000,     90.000,     90.000
|inscribed sphere radius [A]:     16.000
|Switching to KH closure
|RXRISM converged in   241 steps
 DEBUG FORCE!; back from force routine

 NSTEP =        0   TIME(PS) =       0.000  TEMP(K) =     0.00  PRESS =     0.0
 Etot   =        16.6206  EKtot   =         0.0000  EPtot      =        16.6206
 BOND   =         0.0000  ANGLE   =         0.0000  DIHED      =         0.0000
 1-4 NB =         0.0000  1-4 EEL =         0.0000  VDWAALS    =        -0.0113
 EELEC  =         0.0000  ERISM   =        16.6319  RESTRAINT  =         0.0000
 EKCMT  =         0.0000  VIRIAL  =         0.0000  VOLUME     =     32768.0000
                                                    Density    =         0.0073
 Ewald error estimate:   0.0000E+00
 ------------------------------------------------------------------------------

 --------------------------------------------
 Checking numerical force for random atoms
 --------------------------------------------
|RXRISM converged in   112 steps
|RXRISM converged in   117 steps
|RXRISM converged in   132 steps
|RXRISM converged in   142 steps
|RXRISM converged in   115 steps
|RXRISM converged in   122 steps
         NUMERICAL, ANALYTICAL FORCES (diff) from atom        19
      1   -1.68098731    -1.68121215     0.00022484
      2   -1.35316562    -1.35293646    -0.00022916
      3    0.10406442     0.10405611     0.00000831
 RMS force error =  0.149E-03
|RXRISM converged in   119 steps
|RXRISM converged in   114 steps
|RXRISM converged in   124 steps
|RXRISM converged in   121 steps
|RXRISM converged in   114 steps
|RXRISM converged in   108 steps
         NUMERICAL, ANALYTICAL FORCES (diff) from atom        13
      1   -1.56174438    -1.56184424     0.00009986
      2   -0.06981534    -0.06984348     0.00002813
      3    0.27982164     0.27982165    -0.00000001
 RMS force error =  0.653E-04
|RXRISM converged in   120 steps
|RXRISM converged in   117 steps
|RXRISM converged in   132 steps
|RXRISM converged in   142 steps
|RXRISM converged in   115 steps
|RXRISM converged in   122 steps
         NUMERICAL, ANALYTICAL FORCES (diff) from atom        19
      1   -1.68098701    -1.68121215     0.00022514
      2   -1.35316562    -1.35293646    -0.00022916
      3    0.10406442     0.10405611     0.00000831
 RMS force error =  0.149E-03
|RXRISM converged in   105 steps
|RXRISM converged in   118 steps
|RXRISM converged in   123 steps
|RXRISM converged in   129 steps
|RXRISM converged in   133 steps
|RXRISM converged in   109 steps
         NUMERICAL, ANALYTICAL FORCES (diff) from atom        20
      1    2.42201126     2.42193827     0.00007299
      2   -0.31982438    -0.31985670     0.00003233
      3    0.00631820     0.00628991     0.00002829
 RMS force error =  0.347E-04
|RXRISM converged in   120 steps
|RXRISM converged in   134 steps
|RXRISM converged in   137 steps
|RXRISM converged in   145 steps
|RXRISM converged in   157 steps
|RXRISM converged in   135 steps
         NUMERICAL, ANALYTICAL FORCES (diff) from atom         7
      1    4.55070895     4.55102425    -0.00031531
      2   -2.83937145    -2.83944330     0.00007185
      3   -0.52911076    -0.52909334    -0.00001742
 RMS force error =  0.601E-04
 --------------------------------------------
