
          -------------------------------------------------------
          Amber 18 SANDER                              2018
          -------------------------------------------------------

| Run on 05/23/2018 at 10:46:08

|   Executable path: /home/case/amber18/bin/sander
| Working directory: /Users/case/amber18/test/xray/2wcu
|          Hostname: Unknown
  [-O]verwriting output

File Assignments:
|  MDIN: mdin                                                                  
| MDOUT: xray1_min.out                                                         
|INPCRD: 2wcu_uc.rst7                                                          
|  PARM: 2wcu_uc.parm7                                                         
|RESTRT: min1.x                                                                
|  REFC: refc                                                                  
| MDVEL: mdvel                                                                 
| MDFRC: mdfrc                                                                 
|  MDEN: mden                                                                  
| MDCRD: mdcrd                                                                 
|MDINFO: mdinfo                                                                
|  MTMD: mtmd                                                                  
|INPDIP: inpdip                                                                
|RSTDIP: rstdip                                                                
|INPTRA: inptraj                                                               


 Here is the input file:

Test of MD with Xray restraints                                                
 &cntrl                                                                        
  ntx = 1, irest = 0, ntpr = 10,                                               
  ntc = 2, ntf = 2, tol = 0.000001,                                            
  cut = 8.0,                                                                   
  nstlim = 10, dt = 0.002,                                                     
  temp0 = 297.0, tempi = 297.0,                                                
  ig = 12345,                                                                  
  ntt = 3,  gamma_ln=5.0,                                                      
  imin=1, maxcyc=100,                                                          
 /                                                                             

--------------------------------------------------------------------------------
   1.  RESOURCE   USE: 
--------------------------------------------------------------------------------

| Flags:                                                                        
 getting new box info from bottom of inpcrd
|  INFO: Old style inpcrd file read

| peek_ewald_inpcrd: Box info found
|Largest sphere to fit in unit cell has radius =    18.499
| New format PARM file being parsed.
| Version =    1.000 Date = 07/22/10 Time = 14:56:55
 NATOM  =   10224 NTYPES =      18 NBONH =    7896 MBONA  =    2368
 NTHETH =    5584 MTHETA =    3206 NPHIH =   10238 MPHIA  =    8126
 NHPARM =       0 NPARM  =       0 NNB   =   33770 NRES   =    2122
 NBONA  =    2368 NTHETA =    3206 NPHIA =    8126 NUMBND =      49
 NUMANG =     103 NPTRA  =      59 NATYP =      33 NPHB   =       1
 IFBOX  =       1 NMXRS  =      24 IFCAP =       0 NEXTRA =       0
 NCOPY  =       0


|     Memory Use     Allocated
|     Real              885751
|     Hollerith          32796
|     Integer          1158613
|     Max Pairs        3408000
|     nblistReal        122688
|     nblist Int        502883
|       Total            27809 kbytes

| Note: 1-4 EEL scale factors were NOT found in the topology file.
|       Using default value of 1.2.

| Note: 1-4 VDW scale factors were NOT found in the topology file.
|       Using default value of 2.0.
| Duplicated    0 dihedrals
| Duplicated    0 dihedrals

     BOX TYPE: RECTILINEAR

--------------------------------------------------------------------------------
   2.  CONTROL  DATA  FOR  THE  RUN
--------------------------------------------------------------------------------

                                                                                

General flags:
     imin    =       1, nmropt  =       0

Nature and format of input:
     ntx     =       1, irest   =       0, ntrx    =       1

Nature and format of output:
     ntxo    =       2, ntpr    =      10, ntrx    =       1, ntwr    =      10
     iwrap   =       0, ntwx    =       0, ntwv    =       0, ntwe    =       0
     ioutfm  =       1, ntwprt  =       0, idecomp =       0, rbornstat=      0

Potential function:
     ntf     =       2, ntb     =       1, igb     =       0, nsnb    =      25
     ipol    =       0, gbsa    =       0, iesp    =       0
     dielc   =   1.00000, cut     =   8.00000, intdiel =   1.00000

Frozen or restrained atoms:
     ibelly  =       0, ntr     =       0

Energy minimization:
     maxcyc  =     100, ncyc    =      10, ntmin   =       1
     dx0     =   0.01000, drms    =   0.00010

SHAKE:
     ntc     =       2, jfastw  =       0
     tol     =   0.00000

Ewald parameters:
     verbose =       0, ew_type =       0, nbflag  =       1, use_pme =       1
     vdwmeth =       1, eedmeth =       1, netfrc  =       0
     Box X =   38.950   Box Y =   47.444   Box Z =   55.550
     Alpha =   76.220   Beta  =   72.250   Gamma =   81.960
     NFFT1 =   40       NFFT2 =   48       NFFT3 =   60
     Cutoff=    8.000   Tol   =0.100E-04
     Ewald Coefficient =  0.34864
     Interpolation order =    4
     Setting ifbox to 3 for non-orthogonal unit cell

--------------------------------------------------------------------------------
   3.  ATOMIC COORDINATES AND VELOCITIES
--------------------------------------------------------------------------------

                                                                                
 begin time read from input coords =     0.000 ps

 Number of triangulated 3-point waters found:     1820

     Sum of charges from parm topology file =  -6.00000213
     Assuming uniform neutralizing plasma

--------------------------------------------------------------------------------
   4.  RESULTS
--------------------------------------------------------------------------------

 ---------------------------------------------------
 APPROXIMATING switch and d/dx switch using CUBIC SPLINE INTERPOLATION
 using   5000.0 points per unit in tabled values
 TESTING RELATIVE ERROR over r ranging from 0.0 to cutoff
| CHECK switch(x): max rel err =   0.2738E-14   at   2.422500
| CHECK d/dx switch(x): max rel err =   0.8332E-11   at   2.782960
 ---------------------------------------------------
| Local SIZE OF NONBOND LIST =    2276163
| TOTAL SIZE OF NONBOND LIST =    2276163


   NSTEP       ENERGY          RMS            GMAX         NAME    NUMBER
      1       2.4234E+05     1.9154E+03     6.9681E+04     O        6784

 BOND    =      115.7734  ANGLE   =      703.9815  DIHED      =     1185.2532
 VDWAALS =   250669.6184  EEL     =   -27113.8540  HBOND      =        0.0000
 1-4 VDW =     1407.9745  1-4 EEL =    15367.7213  RESTRAINT  =        0.0000


   NSTEP       ENERGY          RMS            GMAX         NAME    NUMBER
     10       2.1714E+05     1.4992E+03     4.4549E+04     O        6784

 BOND    =      115.6248  ANGLE   =      703.8282  DIHED      =     1185.2346
 VDWAALS =   225479.6835  EEL     =   -27119.2324  HBOND      =        0.0000
 1-4 VDW =     1407.9285  1-4 EEL =    15367.6874  RESTRAINT  =        0.0000


   NSTEP       ENERGY          RMS            GMAX         NAME    NUMBER
     20       1.9443E+04     8.6528E+02     8.9186E+04     O        6076

 BOND    =      277.1906  ANGLE   =      658.2406  DIHED      =     1198.0330
 VDWAALS =    28428.2942  EEL     =   -27826.6138  HBOND      =        0.0000
 1-4 VDW =     1377.9873  1-4 EEL =    15330.0320  RESTRAINT  =        0.0000


   NSTEP       ENERGY          RMS            GMAX         NAME    NUMBER
     30       2.7383E+03     4.4271E+01     3.0034E+03     O        9091

 BOND    =      260.1763  ANGLE   =      682.1411  DIHED      =     1220.0775
 VDWAALS =    12937.9240  EEL     =   -29009.4051  HBOND      =        0.0000
 1-4 VDW =     1346.9508  1-4 EEL =    15300.4299  RESTRAINT  =        0.0000


   NSTEP       ENERGY          RMS            GMAX         NAME    NUMBER
     40       1.5002E+04     1.0291E+03     7.6996E+04     O        6820

 BOND    =      614.8436  ANGLE   =      616.7995  DIHED      =     1227.5377
 VDWAALS =    25945.5623  EEL     =   -30007.8171  HBOND      =        0.0000
 1-4 VDW =     1333.0624  1-4 EEL =    15272.4666  RESTRAINT  =        0.0000


   NSTEP       ENERGY          RMS            GMAX         NAME    NUMBER
     50      -3.4912E+03     3.4069E+01     2.3761E+03     O        8290

 BOND    =      163.9427  ANGLE   =      586.3261  DIHED      =     1226.3667
 VDWAALS =     8027.1737  EEL     =   -30094.0550  HBOND      =        0.0000
 1-4 VDW =     1326.3052  1-4 EEL =    15272.7834  RESTRAINT  =        0.0000


   NSTEP       ENERGY          RMS            GMAX         NAME    NUMBER
     60      -4.7822E+03     1.4580E+01     4.2415E+02     O        9091

 BOND    =       92.3001  ANGLE   =      591.8575  DIHED      =     1227.8551
 VDWAALS =     7068.3773  EEL     =   -30348.6394  HBOND      =        0.0000
 1-4 VDW =     1318.4020  1-4 EEL =    15267.6673  RESTRAINT  =        0.0000


   NSTEP       ENERGY          RMS            GMAX         NAME    NUMBER
     70      -1.1522E+04     2.4843E+01     1.6314E+03     O        9454

 BOND    =      305.0382  ANGLE   =      727.2907  DIHED      =     1308.8081
 VDWAALS =     3201.6921  EEL     =   -33466.9445  HBOND      =        0.0000
 1-4 VDW =     1232.9489  1-4 EEL =    15169.1970  RESTRAINT  =        0.0000


   NSTEP       ENERGY          RMS            GMAX         NAME    NUMBER
     80      -1.1527E+04     2.3867E+01     1.5307E+03     O        9454

 BOND    =      303.4631  ANGLE   =      726.0093  DIHED      =     1308.1850
 VDWAALS =     3189.9578  EEL     =   -33457.1280  HBOND      =        0.0000
 1-4 VDW =     1233.2811  1-4 EEL =    15169.6975  RESTRAINT  =        0.0000


   NSTEP       ENERGY          RMS            GMAX         NAME    NUMBER
     90      -1.3500E+04     1.7997E+01     9.3633E+02     O       10012

 BOND    =      151.7180  ANGLE   =      646.6282  DIHED      =     1276.6724
 VDWAALS =     2161.6106  EEL     =   -34125.5946  HBOND      =        0.0000
 1-4 VDW =     1224.4029  1-4 EEL =    15164.4067  RESTRAINT  =        0.0000


   NSTEP       ENERGY          RMS            GMAX         NAME    NUMBER
    100      -1.3500E+04     1.8057E+01     9.4498E+02     O       10012

 BOND    =      151.9013  ANGLE   =      646.6219  DIHED      =     1276.6334
 VDWAALS =     2163.0142  EEL     =   -34127.1038  HBOND      =        0.0000
 1-4 VDW =     1224.3744  1-4 EEL =    15164.3977  RESTRAINT  =        0.0000


  Maximum number of minimization cycles reached.


                    FINAL RESULTS



   NSTEP       ENERGY          RMS            GMAX         NAME    NUMBER
    100      -1.3500E+04     1.8057E+01     9.4498E+02     O       10012

 BOND    =      151.9013  ANGLE   =      646.6219  DIHED      =     1276.6334
 VDWAALS =     2163.0142  EEL     =   -34127.1038  HBOND      =        0.0000
 1-4 VDW =     1224.3744  1-4 EEL =    15164.3977  RESTRAINT  =        0.0000

--------------------------------------------------------------------------------
   5.  TIMINGS
--------------------------------------------------------------------------------

|    Read coords time           0.01 ( 0.09% of Total)
|                Build the list             2.03 (99.58% of List )
|                Other                      0.01 ( 0.42% of List )
|             List time                  2.04 (29.07% of Nonbo)
|                   Short_ene time             3.96 (99.10% of Direc)
|                   Other                      0.04 ( 0.90% of Direc)
|                Direct Ewald time          4.00 (80.19% of Ewald)
|                Adjust Ewald time          0.10 ( 2.09% of Ewald)
|                   Fill Bspline coeffs        0.04 ( 4.44% of Recip)
|                   Fill charge grid           0.09 (10.68% of Recip)
|                   Scalar sum                 0.27 (32.33% of Recip)
|                   Grad sum                   0.18 (21.85% of Recip)
|                   FFT time                   0.26 (30.66% of Recip)
|                   Other                      0.00 ( 0.04% of Recip)
|                Recip Ewald time           0.85 (16.98% of Ewald)
|                Virial junk                0.00 ( 0.06% of Ewald)
|                Other                      0.03 ( 0.67% of Ewald)
|             Ewald time                 4.98 (70.93% of Nonbo)
|          Nonbond force              7.03 (96.87% of Force)
|          Bond/Angle/Dihedral        0.23 ( 3.12% of Force)
|          Other                      0.00 ( 0.01% of Force)
|       Force time                 7.25 (100.0% of Runmd)
|    Runmd Time                 7.25 (98.05% of Total)
|    Other                      0.14 ( 1.86% of Total)
| Total time                 7.40 (100.0% of ALL  )

| Number of list builds   :         33

| Highest rstack allocated:     537158
| Highest istack allocated:      10224
|           Job began  at 10:46:08.947  on 05/23/2018
|           Setup done at 10:46:09.047  on 05/23/2018
|           Run   done at 10:46:16.345  on 05/23/2018
|     wallclock() was called    3914 times

|3D-RISM memory allocation summary
|Type          Maximum        Current   
|Integer       0.00000 GB     0.00000 GB
|Real          0.00000 GB     0.00000 GB
|Logical       0.00000 GB     0.00000 GB
|Character     0.00000 GB     0.00000 GB
|---------------------------------------
|Total         0.00000 GB     0.00000 GB
